// Jest Snapshot v1, https://goo.gl/fbAQLP

exports[`gux-calendar renders 1`] = `
<gux-calendar-beta>
  <mock:shadow-root>
    <div class="gux-calendar-beta">
      <slot aria-hidden="true"></slot>
      <div class="gux-header">
        <button aria-label="Previous month" class="gux-left" type="button">
          <gux-icon decorative="" icon-name="chevron-small-left"></gux-icon>
        </button>
        <span class="gux-header-month-and-year">
          May 2023
        </span>
        <button aria-label="Next month" class="gux-right" type="button">
          <gux-icon decorative="" icon-name="chevron-small-right"></gux-icon>
        </button>
      </div>
      <div>
        <div class="gux-week-days">
          <div aria-label="Week day" class="gux-week-day">
            S
          </div>
          <div aria-label="Week day" class="gux-week-day">
            M
          </div>
          <div aria-label="Week day" class="gux-week-day">
            T
          </div>
          <div aria-label="Week day" class="gux-week-day">
            W
          </div>
          <div aria-label="Week day" class="gux-week-day">
            T
          </div>
          <div aria-label="Week day" class="gux-week-day">
            F
          </div>
          <div aria-label="Week day" class="gux-week-day">
            S
          </div>
        </div>
        <div class="gux-content">
          <div class="gux-content-week"></div>
          <div class="gux-content-week">
            <div aria-label="April 30, 2023" aria-selected="false" class="gux-content-date" data-date="1682812800000" data-test="April 30, 2023" role="button" tabindex="-1">
              30
            </div>
            <div aria-label="May 1, 2023" aria-selected="false" class="gux-content-date gux-current-month" data-date="1682899200000" data-test="May 1, 2023" role="button" tabindex="-1">
              1
            </div>
            <div aria-label="May 2, 2023" aria-selected="false" class="gux-content-date gux-current-month" data-date="1682985600000" data-test="May 2, 2023" role="button" tabindex="-1">
              2
            </div>
            <div aria-label="May 3, 2023" aria-selected="false" class="gux-content-date gux-current-month" data-date="1683072000000" data-test="May 3, 2023" role="button" tabindex="-1">
              3
            </div>
            <div aria-label="May 4, 2023" aria-selected="false" class="gux-content-date gux-current-month" data-date="1683158400000" data-test="May 4, 2023" role="button" tabindex="-1">
              4
            </div>
            <div aria-label="May 5, 2023" aria-selected="false" class="gux-content-date gux-current-month" data-date="1683244800000" data-test="May 5, 2023" role="button" tabindex="-1">
              5
            </div>
            <div aria-label="May 6, 2023" aria-selected="false" class="gux-content-date gux-current-month" data-date="1683331200000" data-test="May 6, 2023" role="button" tabindex="-1">
              6
            </div>
          </div>
          <div class="gux-content-week">
            <div aria-label="May 7, 2023" aria-selected="false" class="gux-content-date gux-current-month" data-date="1683417600000" data-test="May 7, 2023" role="button" tabindex="-1">
              7
            </div>
            <div aria-label="May 8, 2023" aria-selected="false" class="gux-content-date gux-current-month" data-date="1683504000000" data-test="May 8, 2023" role="button" tabindex="-1">
              8
            </div>
            <div aria-label="May 9, 2023" aria-selected="false" class="gux-content-date gux-current-month" data-date="1683590400000" data-test="May 9, 2023" role="button" tabindex="-1">
              9
            </div>
            <div aria-label="May 10, 2023" aria-selected="false" class="gux-content-date gux-current-month" data-date="1683676800000" data-test="May 10, 2023" role="button" tabindex="-1">
              10
            </div>
            <div aria-label="May 11, 2023" aria-selected="false" class="gux-content-date gux-current-month" data-date="1683763200000" data-test="May 11, 2023" role="button" tabindex="-1">
              11
            </div>
            <div aria-label="May 12, 2023" aria-selected="false" class="gux-content-date gux-current-month" data-date="1683849600000" data-test="May 12, 2023" role="button" tabindex="-1">
              12
            </div>
            <div aria-label="May 13, 2023" aria-selected="false" class="gux-content-date gux-current-month" data-date="1683936000000" data-test="May 13, 2023" role="button" tabindex="-1">
              13
            </div>
          </div>
          <div class="gux-content-week">
            <div aria-label="May 14, 2023" aria-selected="false" class="gux-content-date gux-current-month" data-date="1684022400000" data-test="May 14, 2023" role="button" tabindex="-1">
              14
            </div>
            <div aria-label="May 15, 2023" aria-selected="false" class="gux-content-date gux-current-month" data-date="1684108800000" data-test="May 15, 2023" role="button" tabindex="-1">
              15
            </div>
            <div aria-label="May 16, 2023" aria-selected="false" class="gux-content-date gux-current-month" data-date="1684195200000" data-test="May 16, 2023" role="button" tabindex="-1">
              16
            </div>
            <div aria-label="May 17, 2023" aria-selected="false" class="gux-content-date gux-current-month" data-date="1684281600000" data-test="May 17, 2023" role="button" tabindex="-1">
              17
            </div>
            <div aria-label="May 18, 2023" aria-selected="false" class="gux-content-date gux-current-month" data-date="1684368000000" data-test="May 18, 2023" role="button" tabindex="-1">
              18
            </div>
            <div aria-label="May 19, 2023" aria-selected="true" class="gux-content-date gux-current-month gux-selected" data-date="1684454400000" data-test="May 19, 2023" role="button" tabindex="0">
              19
            </div>
            <div aria-label="May 20, 2023" aria-selected="false" class="gux-content-date gux-current-month" data-date="1684540800000" data-test="May 20, 2023" role="button" tabindex="-1">
              20
            </div>
          </div>
          <div class="gux-content-week">
            <div aria-label="May 21, 2023" aria-selected="false" class="gux-content-date gux-current-month" data-date="1684627200000" data-test="May 21, 2023" role="button" tabindex="-1">
              21
            </div>
            <div aria-label="May 22, 2023" aria-selected="false" class="gux-content-date gux-current-month" data-date="1684713600000" data-test="May 22, 2023" role="button" tabindex="-1">
              22
            </div>
            <div aria-label="May 23, 2023" aria-selected="false" class="gux-content-date gux-current-month" data-date="1684800000000" data-test="May 23, 2023" role="button" tabindex="-1">
              23
            </div>
            <div aria-label="May 24, 2023" aria-selected="false" class="gux-content-date gux-current-month" data-date="1684886400000" data-test="May 24, 2023" role="button" tabindex="-1">
              24
            </div>
            <div aria-label="May 25, 2023" aria-selected="false" class="gux-content-date gux-current-month" data-date="1684972800000" data-test="May 25, 2023" role="button" tabindex="-1">
              25
            </div>
            <div aria-label="May 26, 2023" aria-selected="false" class="gux-content-date gux-current-month" data-date="1685059200000" data-test="May 26, 2023" role="button" tabindex="-1">
              26
            </div>
            <div aria-label="May 27, 2023" aria-selected="false" class="gux-content-date gux-current-month" data-date="1685145600000" data-test="May 27, 2023" role="button" tabindex="-1">
              27
            </div>
          </div>
          <div class="gux-content-week">
            <div aria-label="May 28, 2023" aria-selected="false" class="gux-content-date gux-current-month" data-date="1685232000000" data-test="May 28, 2023" role="button" tabindex="-1">
              28
            </div>
            <div aria-label="May 29, 2023" aria-selected="false" class="gux-content-date gux-current-month" data-date="1685318400000" data-test="May 29, 2023" role="button" tabindex="-1">
              29
            </div>
            <div aria-label="May 30, 2023" aria-selected="false" class="gux-content-date gux-current-month" data-date="1685404800000" data-test="May 30, 2023" role="button" tabindex="-1">
              30
            </div>
            <div aria-label="May 31, 2023" aria-selected="false" class="gux-content-date gux-current-month" data-date="1685491200000" data-test="May 31, 2023" role="button" tabindex="-1">
              31
            </div>
            <div aria-label="June 1, 2023" aria-selected="false" class="gux-content-date" data-date="1685577600000" data-test="June 1, 2023" role="button" tabindex="-1">
              1
            </div>
            <div aria-label="June 2, 2023" aria-selected="false" class="gux-content-date" data-date="1685664000000" data-test="June 2, 2023" role="button" tabindex="-1">
              2
            </div>
            <div aria-label="June 3, 2023" aria-selected="false" class="gux-content-date" data-date="1685750400000" data-test="June 3, 2023" role="button" tabindex="-1">
              3
            </div>
          </div>
          <div class="gux-content-week">
            <div aria-label="June 4, 2023" aria-selected="false" class="gux-content-date" data-date="1685836800000" data-test="June 4, 2023" role="button" tabindex="-1">
              4
            </div>
            <div aria-label="June 5, 2023" aria-selected="false" class="gux-content-date" data-date="1685923200000" data-test="June 5, 2023" role="button" tabindex="-1">
              5
            </div>
            <div aria-label="June 6, 2023" aria-selected="false" class="gux-content-date" data-date="1686009600000" data-test="June 6, 2023" role="button" tabindex="-1">
              6
            </div>
            <div aria-label="June 7, 2023" aria-selected="false" class="gux-content-date" data-date="1686096000000" data-test="June 7, 2023" role="button" tabindex="-1">
              7
            </div>
            <div aria-label="June 8, 2023" aria-selected="false" class="gux-content-date" data-date="1686182400000" data-test="June 8, 2023" role="button" tabindex="-1">
              8
            </div>
            <div aria-label="June 9, 2023" aria-selected="false" class="gux-content-date" data-date="1686268800000" data-test="June 9, 2023" role="button" tabindex="-1">
              9
            </div>
            <div aria-label="June 10, 2023" aria-selected="false" class="gux-content-date" data-date="1686355200000" data-test="June 10, 2023" role="button" tabindex="-1">
              10
            </div>
          </div>
        </div>
      </div>
    </div>
  </mock:shadow-root>
  <input max="2023-06-18" min="2023-04-28" type="date" value="2023-05-19">
</gux-calendar-beta>
`;
